  console.log
    [dotenv@17.2.3] injecting env (6) from .env -- tip: ΓÜÖ∩╕Å  load multiple .env files with { path: ['.env.local', '.env'] }

      at _log (node_modules/dotenv/lib/main.js:142:11)

  console.log
    [dotenv@17.2.3] injecting env (0) from .env -- tip: ΓÜÖ∩╕Å  load multiple .env files with { path: ['.env.local', '.env'] }

      at _log (node_modules/dotenv/lib/main.js:142:11)

  console.log
    [dotenv@17.2.3] injecting env (0) from .env -- tip: ≡ƒöÉ prevent committing .env to code: https://dotenvx.com/precommit

      at _log (node_modules/dotenv/lib/main.js:142:11)

  console.log
    TEST: Cleaning up test user...

      at Object.log (tests/v2_features.test.js:11:21)

  console.log
    TEST: Registering test user...

      at Object.log (tests/v2_features.test.js:13:21)

[0mPOST /api/auth/register [32m200[0m 55.834 ms - 271[0m
  console.log
    TEST: Register response: 200 {
      user: {
        id: 13,
        name: 'Test V2 User',
        email: 'testv2@example.com',
        avatar: null
      },
      token: 'eyJhbGciOiJIUzI1NiIsInR5cCI6IkpXVCJ9.eyJpZCI6MTMsImVtYWlsIjoidGVzdHYyQGV4YW1wbGUuY29tIiwiaWF0IjoxNzY1MzM2ODI0LCJleHAiOjE3NjU0MjMyMjR9.j2QOicf-WHxku2VK-0cfWVR-Gar-N2JmyBA6DREsXoA'
    }

      at Object.log (tests/v2_features.test.js:21:21)

  console.log
    TEST: Creating task...

      at Object.log (tests/v2_features.test.js:40:21)

  console.error
    Task Save Error: null value in column "id" of relation "tasks" violates not-null constraint

    [0m [90m 62 |[39m         res[33m.[39mjson({ success[33m:[39m [36mtrue[39m })[33m;[39m
     [90m 63 |[39m     } [36mcatch[39m (err) {
    [31m[1m>[22m[39m[90m 64 |[39m         console[33m.[39merror([32m"Task Save Error:"[39m[33m,[39m err[33m.[39mmessage)[33m;[39m
     [90m    |[39m                 [31m[1m^[22m[39m
     [90m 65 |[39m         res[33m.[39mstatus([35m500[39m)[33m.[39mjson({ error[33m:[39m err[33m.[39mmessage })[33m;[39m
     [90m 66 |[39m     }
     [90m 67 |[39m })[33m;[39m[0m

      at error (routes/tasks.js:64:17)

[0mPOST /api/tasks [31m500[0m 7.867 ms - 90[0m
  console.log
    TEST: Create Task Response: 500 {
      error: 'null value in column "id" of relation "tasks" violates not-null constraint'
    }

      at Object.log (tests/v2_features.test.js:49:21)

  console.log
    TEST: Updating task...

      at Object.log (tests/v2_features.test.js:56:21)

[0mPUT /%20api%20/%20tasks%20/%20undefined [33m404[0m 0.513 ms - 173[0m
  console.log
    TEST: Update Task Response: 404 {}

      at Object.log (tests/v2_features.test.js:71:21)

  console.log
    TEST: Retrieving tasks...

      at Object.log (tests/v2_features.test.js:79:21)

[0mGET /%20api%20/%20tasks [33m404[0m 2.007 ms - 157[0m
node.exe : FAIL tests/v2_features.test.js
At C:\Program Files\nodejs\npx.ps1:29 char:3
+   & $NODE_EXE $NPX_CLI_JS $args
+   ~~~~~~~~~~~~~~~~~~~~~~~~~~~~~
    + CategoryInfo          : NotSpecified: (FAIL tests/v2_ 
   features.test.js:String) [], RemoteException
    + FullyQualifiedErrorId : NativeCommandError
 
  V2 Features API Tests
    Subtasks handling
      ├ù should create a task with empty subtasks initially 
(25 ms)
      ├ù should update task with generated subtasks (13 ms)
      ├ù should retrieve task with subtasks persisted (9 ms)

  ΓùÅ V2 Features API Tests ΓÇ║ Subtasks handling ΓÇ║ 
should create a task with empty subtasks initially

    expect(received).toEqual(expected) // deep equality

    Expected: 201
    Received: 500

    [0m [90m 48 |[39m
     [90m 49 |[39m             
console[33m.[39mlog([32m"TEST: Create Task 
Response:"[39m[33m,[39m res[33m.[39mstatus[33m,[39m 
res[33m.[39mbody)[33m;[39m
    [31m[1m>[22m[39m[90m 50 |[39m             expect(r
es[33m.[39mstatusCode)[33m.[39mtoEqual([35m201[39m)[3
3m;[39m
     [90m    |[39m                                    
[31m[1m^[22m[39m
     [90m 51 |[39m             expect(res[33m.[39mbody[
33m.[39msubtasks)[33m.[39mtoEqual([])[33m;[39m
     [90m 52 |[39m             taskId [33m=[39m 
res[33m.[39mbody[33m.[39mid[33m;[39m
     [90m 53 |[39m         })[33m;[39m[0m

      at Object.toEqual (tests/v2_features.test.js:50:36)

  ΓùÅ V2 Features API Tests ΓÇ║ Subtasks handling ΓÇ║ 
should update task with generated subtasks

    expect(received).toEqual(expected) // deep equality

    Expected: 200
    Received: 404

    [0m [90m 70 |[39m
     [90m 71 |[39m             
console[33m.[39mlog([32m"TEST: Update Task 
Response:"[39m[33m,[39m res[33m.[39mstatus[33m,[39m 
res[33m.[39mbody)[33m;[39m
    [31m[1m>[22m[39m[90m 72 |[39m             expect(r
es[33m.[39mstatusCode)[33m.[39mtoEqual([35m200[39m)[3
3m;[39m
     [90m    |[39m                                    
[31m[1m^[22m[39m
     [90m 73 |[39m             expect(res[33m.[39mbody[
33m.[39msubtasks)[33m.[39mtoHaveLength([35m2[39m)[33m;
[39m
     [90m 74 |[39m             expect(res[33m.[39mbody[
33m.[39msubtasks[[35m0[39m][33m.[39mtitle)[33m.[39mto
Be([32m'Step 1'[39m)[33m;[39m
     [90m 75 |[39m             expect(res[33m.[39mbody[
33m.[39msubtasks[[35m1[39m][33m.[39misCompleted)[33m.
[39mtoBe([36mtrue[39m)[33m;[39m[0m

      at Object.toEqual (tests/v2_features.test.js:72:36)

  ΓùÅ V2 Features API Tests ΓÇ║ Subtasks handling ΓÇ║ 
should retrieve task with subtasks persisted

    TypeError: res.body.find is not a function

    [0m [90m 82 |[39m                 [33m.[39m[36mset
[39m([32m'Authorization'[39m[33m,[39m [32m`Bearer 
${token} `[39m)[33m;[39m
     [90m 83 |[39m
    [31m[1m>[22m[39m[90m 84 |[39m             
[36mconst[39m task [33m=[39m 
res[33m.[39mbody[33m.[39mfind(t [33m=>[39m 
t[33m.[39mid [33m===[39m taskId)[33m;[39m
     [90m    |[39m                                   
[31m[1m^[22m[39m
     [90m 85 |[39m             
console[33m.[39mlog([32m"TEST: Retrieved 
Task:"[39m[33m,[39m task)[33m;[39m
     [90m 86 |[39m             
expect(task)[33m.[39mtoBeDefined()[33m;[39m
     [90m 87 |[39m             expect(task[33m.[39msubta
sks)[33m.[39mtoHaveLength([35m2[39m)[33m;[39m[0m

      at Object.find (tests/v2_features.test.js:84:35)

Test Suites: 1 failed, 1 total
Tests:       3 failed, 3 total
Snapshots:   0 total
Time:        0.631 s, estimated 1 s
Ran all test suites matching tests/v2_features.test.js.
